\BOOKMARK [1][-]{section.1}{\376\377\000I\000n\000t\000r\000o\000d\000u\000c\000t\000i\000o\000n\000\040\000e\000t\000\040\000c\000o\000n\000t\000e\000x\000t\000e}{}% 1
\BOOKMARK [2][-]{subsection.1.1}{\376\377\000L\000e\000s\000\040\000o\000n\000t\000o\000l\000o\000g\000i\000e\000s\000\040\000d\000e\000\040\000b\000\342\000t\000i\000m\000e\000n\000t\000s\000\040\000:\000\040\000u\000n\000\040\000l\000a\000n\000g\000a\000g\000e\000\040\000s\000t\000a\000n\000d\000a\000r\000d\000i\000s\000\351\000\040\000p\000o\000u\000r\000\040\000l\000e\000s\000\040\000b\000\342\000t\000i\000m\000e\000n\000t\000s}{section.1}% 2
\BOOKMARK [2][-]{subsection.1.2}{\376\377\000L\000a\000\040\000n\000o\000r\000m\000e\000\040\000A\000S\000H\000R\000A\000E\000\040\0002\0002\0003\000P}{section.1}% 3
\BOOKMARK [2][-]{subsection.1.3}{\376\377\000A\000v\000a\000n\000t\000a\000g\000e\000s\000\040\000e\000t\000\040\000o\000b\000s\000t\000a\000c\000l\000e\000s\000\040\000d\000e\000s\000\040\000m\000o\000d\000\350\000l\000e\000s\000\040\000s\000\351\000m\000a\000n\000t\000i\000q\000u\000e\000s\000\040\000d\000e\000\040\000b\000\342\000t\000i\000m\000e\000n\000t\000s}{section.1}% 4
\BOOKMARK [1][-]{section.2}{\376\377\000D\000e\000s\000c\000r\000i\000p\000t\000i\000o\000n\000\040\000d\000u\000\040\000p\000r\000o\000b\000l\000\350\000m\000e}{}% 5
\BOOKMARK [2][-]{subsection.2.1}{\376\377\000L\000e\000\040\000p\000r\000o\000b\000l\000\350\000m\000e\000\040\000d\000u\000\040\000m\000a\000p\000p\000a\000g\000e\000\040\000d\000e\000s\000\040\000p\000o\000i\000n\000t\000s\000\040\000B\000A\000C\000n\000e\000t}{section.2}% 6
\BOOKMARK [2][-]{subsection.2.2}{\376\377\000L\000e\000\040\000c\000o\000\373\000t\000\040\000d\000u\000\040\000m\000a\000p\000p\000a\000g\000e\000\040\000m\000a\000n\000u\000e\000l}{section.2}% 7
\BOOKMARK [2][-]{subsection.2.3}{\376\377\000L\000e\000\040\000f\000o\000s\000s\000\351\000\040\000d\000e\000\040\000r\000e\000c\000h\000e\000r\000c\000h\000e\000\040\000e\000t\000\040\000l\000e\000s\000\040\000s\000o\000l\000u\000t\000i\000o\000n\000s\000\040\000\351\000m\000e\000r\000g\000e\000n\000t\000e\000s}{section.2}% 8
\BOOKMARK [2][-]{subsection.2.4}{\376\377\000P\000o\000u\000r\000q\000u\000o\000i\000\040\000c\000e\000l\000a\000\040\000i\000m\000p\000o\000r\000t\000e\000\040\000p\000o\000u\000r\000\040\000l\000e\000\040\000r\000\351\000s\000e\000a\000u\000\040\000\351\000l\000e\000c\000t\000r\000i\000q\000u\000e}{section.2}% 9
\BOOKMARK [1][-]{section.3}{\376\377\000S\000I\000-\000M\000a\000p\000p\000e\000r\000\040\000:\000\040\000u\000n\000e\000\040\000a\000p\000p\000r\000o\000c\000h\000e\000\040\000a\000g\000e\000n\000t\000i\000q\000u\000e\000\040\000d\000e\000\040\000l\000a\000\040\000m\000o\000d\000\351\000l\000i\000s\000a\000t\000i\000o\000n\000\040\000s\000\351\000m\000a\000n\000t\000i\000q\000u\000e\000\040\000d\000e\000s\000\040\000b\000\342\000t\000i\000m\000e\000n\000t\000s}{}% 10
\BOOKMARK [2][-]{subsection.3.1}{\376\377\000V\000u\000e\000\040\000d\000'\000e\000n\000s\000e\000m\000b\000l\000e\000\040\000d\000e\000\040\000l\000'\000a\000p\000p\000r\000o\000c\000h\000e}{section.3}% 11
\BOOKMARK [2][-]{subsection.3.2}{\376\377\000M\000\351\000t\000h\000o\000d\000o\000l\000o\000g\000i\000e\000\040\000d\000e\000\040\000d\000\351\000v\000e\000l\000o\000p\000p\000e\000m\000e\000n\000t\000\040\000:\000\040\000n\000e\000u\000f\000\040\000i\000t\000\351\000r\000a\000t\000i\000o\000n\000s\000\040\000e\000x\000p\000\351\000r\000i\000m\000e\000n\000t\000a\000l\000e\000s}{section.3}% 12
\BOOKMARK [2][-]{subsection.3.3}{\376\377\000A\000r\000c\000h\000i\000t\000e\000c\000t\000u\000r\000e\000\040\000f\000i\000n\000a\000l\000e}{section.3}% 13
\BOOKMARK [2][-]{subsection.3.4}{\376\377\000C\000o\000m\000p\000\351\000t\000e\000n\000c\000e\000s}{section.3}% 14
\BOOKMARK [2][-]{subsection.3.5}{\376\377\000O\000u\000t\000i\000l\000s}{section.3}% 15
\BOOKMARK [2][-]{subsection.3.6}{\376\377\000D\000\351\000c\000i\000s\000i\000o\000n\000s\000\040\000t\000e\000c\000h\000n\000o\000l\000o\000g\000i\000q\000u\000e\000s\000\040\000c\000l\000\351\000s}{section.3}% 16
\BOOKMARK [1][-]{section.4}{\376\377\000D\000e\000s\000c\000r\000i\000p\000t\000i\000o\000n\000\040\000d\000e\000s\000\040\000e\000x\000p\000\351\000r\000i\000e\000n\000c\000e\000s\000,\000\040\000a\000n\000a\000l\000y\000s\000e\000\040\000e\000t\000\040\000r\000\351\000s\000u\000l\000t\000a\000t\000s}{}% 17
\BOOKMARK [2][-]{subsection.4.1}{\376\377\000C\000o\000n\000f\000i\000g\000u\000r\000a\000t\000i\000o\000n\000\040\000e\000x\000p\000\351\000r\000i\000m\000e\000n\000t\000a\000l\000e}{section.4}% 18
\BOOKMARK [2][-]{subsection.4.2}{\376\377\000S\000y\000s\000t\000\350\000m\000e\000\040\0001\000\040\000:\000\040\000u\000n\000i\000t\000\351\000\040\000d\000e\000\040\000t\000r\000a\000i\000t\000e\000m\000e\000n\000t\000\040\000d\000'\000a\000i\000r}{section.4}% 19
\BOOKMARK [3][-]{subsubsection.4.2.1}{\376\377\000M\000a\000t\000\351\000r\000i\000a\000u\000x\000\040\000d\000'\000e\000n\000t\000r\000\351\000e}{subsection.4.2}% 20
\BOOKMARK [3][-]{subsubsection.4.2.2}{\376\377\000M\000\351\000t\000r\000i\000q\000u\000e\000s\000\040\000d\000e\000\040\000p\000e\000r\000f\000o\000r\000m\000a\000n\000c\000e}{subsection.4.2}% 21
\BOOKMARK [3][-]{subsubsection.4.2.3}{\376\377\000\311\000v\000a\000l\000u\000a\000t\000i\000o\000n\000\040\000d\000e\000\040\000l\000a\000\040\000q\000u\000a\000l\000i\000t\000\351\000\040\000d\000u\000\040\000g\000r\000a\000p\000h\000e}{subsection.4.2}% 22
\BOOKMARK [2][-]{subsection.4.3}{\376\377\000S\000y\000s\000t\000\350\000m\000e\000\040\0003\000\040\000:\000\040\000u\000n\000i\000t\000\351\000\040\000d\000e\000\040\000t\000r\000a\000i\000t\000e\000m\000e\000n\000t\000\040\000d\000'\000a\000i\000r}{section.4}% 23
\BOOKMARK [3][-]{subsubsection.4.3.1}{\376\377\000M\000a\000t\000\351\000r\000i\000a\000u\000x\000\040\000d\000'\000e\000n\000t\000r\000\351\000e}{subsection.4.3}% 24
\BOOKMARK [3][-]{subsubsection.4.3.2}{\376\377\000M\000\351\000t\000r\000i\000q\000u\000e\000s\000\040\000d\000e\000\040\000p\000e\000r\000f\000o\000r\000m\000a\000n\000c\000e}{subsection.4.3}% 25
\BOOKMARK [3][-]{subsubsection.4.3.3}{\376\377\000\311\000v\000a\000l\000u\000a\000t\000i\000o\000n\000\040\000d\000e\000\040\000l\000a\000\040\000q\000u\000a\000l\000i\000t\000\351\000\040\000d\000u\000\040\000g\000r\000a\000p\000h\000e}{subsection.4.3}% 26
\BOOKMARK [2][-]{subsection.4.4}{\376\377\000R\000\351\000f\000\351\000r\000e\000n\000c\000e\000\040\000h\000u\000m\000a\000i\000n\000e\000\040\000:\000\040\000i\000n\000g\000\351\000n\000i\000e\000u\000r}{section.4}% 27
\BOOKMARK [2][-]{subsection.4.5}{\376\377\000C\000o\000m\000p\000a\000r\000a\000i\000s\000o\000n\000\040\000:\000\040\000a\000g\000e\000n\000t\000\040\000I\000A\000\040\000v\000s\000\040\000i\000n\000g\000\351\000n\000i\000e\000u\000r\000\040\000h\000u\000m\000a\000i\000n}{section.4}% 28
\BOOKMARK [1][-]{section.5}{\376\377\000C\000o\000n\000c\000l\000u\000s\000i\000o\000n\000s}{}% 29
\BOOKMARK [2][-]{subsection.5.1}{\376\377\000R\000\351\000s\000u\000m\000\351\000\040\000d\000e\000s\000\040\000c\000o\000n\000t\000r\000i\000b\000u\000t\000i\000o\000n\000s}{section.5}% 30
\BOOKMARK [2][-]{subsection.5.2}{\376\377\000L\000i\000m\000i\000t\000a\000t\000i\000o\000n\000s}{section.5}% 31
\BOOKMARK [2][-]{subsection.5.3}{\376\377\000T\000r\000a\000v\000a\000u\000x\000\040\000f\000u\000t\000u\000r\000s}{section.5}% 32
